{
    "Should run without failures": {
        "content": [
            {
                "0": [
                    "example.maf.xlsx:md5,cb20774deb3cf130038b738bb3191856"
                ]
            }
        ],
        "meta": {
            "nf-test": "0.8.4",
            "nextflow": "23.10.1"
        },
        "timestamp": "2024-07-27T14:46:54.456156"
    }
}